[2026-07-11T17:33:16.684Z] > command requires scopes: ["email","openid","https://www.googleapis.com/auth/cloudplatformprojects.readonly","https://www.googleapis.com/auth/firebase","https://www.googleapis.com/auth/cloud-platform"]
[2026-07-11T17:33:16.691Z] > authorizing via signed-in user (mithileshladdha12345@gmail.com)
[2026-07-11T17:33:16.695Z] [iam] checking project inventory-system-5b60d for permissions ["firebase.projects.get","firebasehosting.sites.update"]
[2026-07-11T17:33:16.806Z] Checked if tokens are valid: true, expires at: 1783792891183
[2026-07-11T17:33:16.812Z] Checked if tokens are valid: true, expires at: 1783792891183
[2026-07-11T17:33:16.817Z] >>> [apiv2][query] POST https://cloudresourcemanager.googleapis.com/v1/projects/inventory-system-5b60d:testIamPermissions [none]
[2026-07-11T17:33:16.819Z] >>> [apiv2][(partial)header] POST https://cloudresourcemanager.googleapis.com/v1/projects/inventory-system-5b60d:testIamPermissions  x-goog-user-project=inventory-system-5b60d
[2026-07-11T17:33:16.820Z] >>> [apiv2][body] POST https://cloudresourcemanager.googleapis.com/v1/projects/inventory-system-5b60d:testIamPermissions {"permissions":["firebase.projects.get","firebasehosting.sites.update"]}
[2026-07-11T17:33:18.754Z] <<< [apiv2][status] POST https://cloudresourcemanager.googleapis.com/v1/projects/inventory-system-5b60d:testIamPermissions 403
[2026-07-11T17:33:18.755Z] <<< [apiv2][body] POST https://cloudresourcemanager.googleapis.com/v1/projects/inventory-system-5b60d:testIamPermissions {"error":{"code":403,"message":"Caller does not have required permission to use project inventory-system-5b60d. Grant the caller the roles/serviceusage.serviceUsageConsumer role, or a custom role with the serviceusage.services.use permission, by visiting https://console.developers.google.com/iam-admin/iam?project=inventory-system-5b60d and then retry. Propagation of the new permission may take a few minutes.","status":"PERMISSION_DENIED","details":[{"@type":"type.googleapis.com/google.rpc.ErrorInfo","reason":"USER_PROJECT_DENIED","domain":"googleapis.com","metadata":{"containerInfo":"inventory-system-5b60d","consoleUrl":"https://console.developers.google.com/iam-admin/iam?project=inventory-system-5b60d","service":"cloudresourcemanager.googleapis.com","consumer":"projects/inventory-system-5b60d"}},{"@type":"type.googleapis.com/google.rpc.LocalizedMessage","locale":"en-US","message":"Caller does not have required permission to use project inventory-system-5b60d. Grant the caller the roles/serviceusage.serviceUsageConsumer role, or a custom role with the serviceusage.services.use permission, by visiting https://console.developers.google.com/iam-admin/iam?project=inventory-system-5b60d and then retry. Propagation of the new permission may take a few minutes."},{"@type":"type.googleapis.com/google.rpc.Help","links":[{"description":"Google developer console IAM admin","url":"https://console.developers.google.com/iam-admin/iam?project=inventory-system-5b60d"}]}]}}
[2026-07-11T17:33:18.757Z] [iam] error while checking permissions, command may fail: Request to https://cloudresourcemanager.googleapis.com/v1/projects/inventory-system-5b60d:testIamPermissions had HTTP Error: 403, Caller does not have required permission to use project inventory-system-5b60d. Grant the caller the roles/serviceusage.serviceUsageConsumer role, or a custom role with the serviceusage.services.use permission, by visiting https://console.developers.google.com/iam-admin/iam?project=inventory-system-5b60d and then retry. Propagation of the new permission may take a few minutes.
[2026-07-11T17:33:18.759Z] Checked if tokens are valid: true, expires at: 1783792891183
[2026-07-11T17:33:18.760Z] Checked if tokens are valid: true, expires at: 1783792891183
[2026-07-11T17:33:18.762Z] >>> [apiv2][query] GET https://firebase.googleapis.com/v1beta1/projects/inventory-system-5b60d [none]
[2026-07-11T17:33:19.428Z] <<< [apiv2][status] GET https://firebase.googleapis.com/v1beta1/projects/inventory-system-5b60d 403
[2026-07-11T17:33:19.432Z] <<< [apiv2][body] GET https://firebase.googleapis.com/v1beta1/projects/inventory-system-5b60d {"error":{"code":403,"message":"The caller does not have permission","status":"PERMISSION_DENIED"}}
[2026-07-11T17:33:19.434Z] Request to https://firebase.googleapis.com/v1beta1/projects/inventory-system-5b60d had HTTP Error: 403, The caller does not have permission
[2026-07-11T17:33:19.721Z] FirebaseError: Request to https://firebase.googleapis.com/v1beta1/projects/inventory-system-5b60d had HTTP Error: 403, The caller does not have permission
    at responseToError (C:\Users\Pradyum Laddha\AppData\Roaming\npm\node_modules\firebase-tools\lib\responseToError.js:53:12)
    at RetryOperation._fn (C:\Users\Pradyum Laddha\AppData\Roaming\npm\node_modules\firebase-tools\lib\apiv2.js:415:77)
    at process.processTicksAndRejections (node:internal/process/task_queues:104:5)

Error: Failed to get Firebase project inventory-system-5b60d. Please make sure the project exists and your account has permission to access it.
